../Core/Src/main.c:170:5:main	368	static
../Core/Src/main.c:429:6:SystemClock_Config	88	static
../Core/Src/main.c:476:13:MX_I2C1_Init	8	static
../Core/Src/main.c:510:13:MX_I2C2_Init	8	static
../Core/Src/main.c:544:13:MX_I2C3_Init	8	static
../Core/Src/main.c:578:13:MX_SPI2_Init	8	static
../Core/Src/main.c:616:13:MX_USART1_UART_Init	8	static
../Core/Src/main.c:649:13:MX_USART2_UART_Init	8	static
../Core/Src/main.c:682:13:MX_USART6_UART_Init	8	static
../Core/Src/main.c:715:13:MX_GPIO_Init	40	static
../Core/Src/main.c:748:6:HAL_UART_TxCpltCallback	16	static
../Core/Src/main.c:759:6:HAL_UART_RxCpltCallback	16	static
../Core/Src/main.c:770:16:BCD_To_Dec	16	static
../Core/Src/main.c:775:16:Dec_To_BCD	16	static
../Core/Src/main.c:780:26:DS3231_GetTime	40	static
../Core/Src/main.c:800:26:DS3231_SetTime	40	static
../Core/Src/main.c:817:16:SD_mount	24	static
../Core/Src/main.c:831:16:SD_createFile	72	static
../Core/Src/main.c:858:16:SD_append	40	static
../Core/Src/main.c:877:17:CheckVoltageFault	32	static
../Core/Src/main.c:893:13:UpdateFaultCode	16	static
../Core/Src/main.c:901:6:FaultCode	16	static
../Core/Src/main.c:946:6:Error_Handler	4	static,ignoring_inline_asm
