../Core/Src/main.c:265:6:RS485_1_TX	16	static
../Core/Src/main.c:273:6:RS485_1_RX	8	static
../Core/Src/main.c:280:6:RS485_2_TX	8	static
../Core/Src/main.c:287:6:RS485_2_RX	8	static
../Core/Src/main.c:299:5:main	1288	static
../Core/Src/main.c:520:6:SystemClock_Config	88	static
../Core/Src/main.c:568:13:MX_I2C1_Init	8	static
../Core/Src/main.c:602:13:MX_I2C2_Init	8	static
../Core/Src/main.c:636:13:MX_I2C3_Init	8	static
../Core/Src/main.c:670:13:MX_IWDG_Init	8	static
../Core/Src/main.c:698:13:MX_SPI2_Init	8	static
../Core/Src/main.c:736:13:MX_USART1_UART_Init	8	static
../Core/Src/main.c:769:13:MX_USART2_UART_Init	8	static
../Core/Src/main.c:802:13:MX_USART6_UART_Init	8	static
../Core/Src/main.c:835:13:MX_GPIO_Init	40	static
../Core/Src/main.c:881:13:MLX_Init	16	static
../Core/Src/main.c:935:13:MLX_Process	40	static
../Core/Src/main.c:1034:13:MLX_HandleError	16	static
../Core/Src/main.c:1056:13:MLX_RecoveryAttempt	16	static
../Core/Src/main.c:1091:6:HAL_UART_TxCpltCallback	16	static
../Core/Src/main.c:1097:6:HAL_UART_RxCpltCallback	16	static
../Core/Src/main.c:1104:16:BCD_To_Dec	16	static
../Core/Src/main.c:1109:16:Dec_To_BCD	16	static
../Core/Src/main.c:1114:26:DS3231_GetTime	40	static
../Core/Src/main.c:1132:26:DS3231_SetTime	40	static
../Core/Src/main.c:1148:16:SD_mount	24	static
../Core/Src/main.c:1156:16:SD_createFile	344	static
../Core/Src/main.c:1186:16:SD_append	40	static
../Core/Src/main.c:1209:13:MIC_StartReceive	16	static
../Core/Src/main.c:1238:6:HAL_UARTEx_RxEventCallback	24	static
../Core/Src/main.c:1281:16:MIC_ParseFrame	32	static
../Core/Src/main.c:1333:13:MIC_UpdateValidity	16	static
../Core/Src/main.c:1353:6:Build_ESP1_Message	648	static
../Core/Src/main.c:1438:6:ESP1_SendTelemetry	1032	static
../Core/Src/main.c:1453:6:ESP1_Send	16	static
../Core/Src/main.c:1462:17:CheckVoltageFault	32	static
../Core/Src/main.c:1476:13:UpdateFaultCode	16	static
../Core/Src/main.c:1498:6:Error_Handler	4	static,ignoring_inline_asm
