../Core/Src/main.c:462:6:RS485_1_TX	16	static
../Core/Src/main.c:470:6:RS485_1_RX	8	static
../Core/Src/main.c:477:6:RS485_2_TX	8	static
../Core/Src/main.c:484:6:RS485_2_RX	8	static
../Core/Src/main.c:496:5:main	1512	static
../Core/Src/main.c:759:6:SystemClock_Config	88	static
../Core/Src/main.c:807:13:MX_I2C1_Init	8	static
../Core/Src/main.c:841:13:MX_I2C2_Init	8	static
../Core/Src/main.c:875:13:MX_I2C3_Init	8	static
../Core/Src/main.c:909:13:MX_IWDG_Init	8	static
../Core/Src/main.c:937:13:MX_SPI2_Init	8	static
../Core/Src/main.c:975:13:MX_USART1_UART_Init	8	static
../Core/Src/main.c:1008:13:MX_USART2_UART_Init	8	static
../Core/Src/main.c:1041:13:MX_USART6_UART_Init	8	static
../Core/Src/main.c:1074:13:MX_GPIO_Init	40	static
../Core/Src/main.c:1120:13:MLX_Init	16	static
../Core/Src/main.c:1176:13:MLX_Process	40	static
../Core/Src/main.c:1276:13:MLX_HandleError	16	static
../Core/Src/main.c:1299:13:MLX_RecoveryAttempt	16	static
../Core/Src/main.c:1338:13:MLX_Init2	24	static
../Core/Src/main.c:1393:13:MLX_Process2	40	static
../Core/Src/main.c:1475:13:MLX_HandleError2	8	static
../Core/Src/main.c:1488:13:MLX_RecoveryAttempt2	8	static
../Core/Src/main.c:1513:6:HAL_UART_TxCpltCallback	16	static
../Core/Src/main.c:1519:6:HAL_UART_RxCpltCallback	16	static
../Core/Src/main.c:1526:16:BCD_To_Dec	16	static
../Core/Src/main.c:1531:16:Dec_To_BCD	16	static
../Core/Src/main.c:1536:26:DS3231_GetTime	40	static
../Core/Src/main.c:1554:26:DS3231_SetTime	40	static
../Core/Src/main.c:1570:16:SD_mount	24	static
../Core/Src/main.c:1578:16:SD_createFile	344	static
../Core/Src/main.c:1608:16:SD_append	40	static
../Core/Src/main.c:1620:13:MIC_StartReceive	16	static
../Core/Src/main.c:1643:6:HAL_UARTEx_RxEventCallback	24	static
../Core/Src/main.c:1680:6:HAL_UART_ErrorCallback	32	static
../Core/Src/main.c:1691:17:crc16_ccitt	24	static
../Core/Src/main.c:1707:13:MIC_TLV_Reset	4	static
../Core/Src/main.c:1717:16:MIC_TLV_FeedByte	64	static
../Core/Src/main.c:1852:13:MIC_TLV_ProcessEventBuffer	24	static
../Core/Src/main.c:1873:13:MIC_UpdateValidity	16	static
../Core/Src/main.c:1888:17:GW_TLV_WriteFloat	24	static
../Core/Src/main.c:1903:17:GW_TLV_WriteRaw	24	static
../Core/Src/main.c:1922:17:GW_BuildFrame	32	static
../Core/Src/main.c:1955:13:GW_SendFrame	16	static
../Core/Src/main.c:1977:6:GW_SendTelemetry	336	static
../Core/Src/main.c:2057:13:GW_BuildAndSendThermalFrame	32	static
../Core/Src/main.c:2088:6:GW_SendThermalFrame	8	static
../Core/Src/main.c:2100:6:ESP1_Send	16	static
../Core/Src/main.c:2109:17:CheckVoltageFault	32	static
../Core/Src/main.c:2123:13:UpdateFaultCode	16	static
../Core/Src/main.c:2128:13:PZEM_HardReset	16	static
../Core/Src/main.c:2143:6:Error_Handler	4	static,ignoring_inline_asm
